C51 COMPILER V9.53.0.0   INTERRUPTS                                                        03/12/2018 16:31:22 PAGE 1   


C51 COMPILER V9.53.0.0, COMPILATION OF MODULE INTERRUPTS
OBJECT MODULE PLACED IN .\src\Interrupts.OBJ
COMPILER INVOKED BY: c:\SiliconLabs\SimplicityStudio\v4\developer\toolchains\keil_8051\9.53\BIN\C51.exe D:\WorkSpace\MyC
                    -ode\SYNC\BaldEagle_EFM32EQFN24_YJ_addFunc\BaldEagle_EFM32EQFN24\src\Interrupts.c OMF2 LARGE DEBUG OBJECTEXTEND ROM(LARGE
                    -) WARNINGLEVEL(2) FLOATFUZZY(3) OPTIMIZE(8,SPEED) DEFINE(DEBUG=1) INTVECTOR(0X0000) INTPROMOTE INCDIR(D:\WorkSpace\MyCod
                    -e\SYNC\BaldEagle_EFM32EQFN24_YJ_addFunc\BaldEagle_EFM32EQFN24\inc;C:/SiliconLabs/SimplicityStudio/v4/developer/sdks/8051
                    -/v4.1.1//Device/shared/si8051base;C:/SiliconLabs/SimplicityStudio/v4/developer/sdks/8051/v4.1.1//Device/EFM8LB1/inc) PRI
                    -NT(.\src\Interrupts.lst) COND PAGEWIDTH(120) PAGELENGTH(65) OBJECT(.\src\Interrupts.OBJ)

line level    source

   1          
   2          
   3          #include <SI_EFM8LB1_Register_Enums.h>
   4          #include "EFM8LB1_SMBus_MasterMultibyte.h"
   5          #include "EFM8LB1_I2C_Slave.h"
   6          
   7          
   8          #if 0
              SI_INTERRUPT (I2C0_ISR, I2C0_IRQn)
              {
              
              
              }
              
              
              SI_INTERRUPT (SMBUS0_ISR, SMBUS0_IRQn)
              {
              
              }
              
              SI_INTERRUPT (TIMER3_ISR, TIMER3_IRQn)
              {
              
              }
              
              SI_INTERRUPT (TIMER4_ISR, TIMER4_IRQn)
              {
              
              }
              
              SI_INTERRUPT (ADC0EOC_ISR, ADC0EOC_IRQn)
              {
              
              }
              #endif


MODULE INFORMATION:   STATIC OVERLAYABLE
   CODE SIZE        =   ----    ----
   CONSTANT SIZE    =   ----    ----
   XDATA SIZE       =   ----    ----
   PDATA SIZE       =   ----    ----
   DATA SIZE        =   ----    ----
   IDATA SIZE       =   ----    ----
   BIT SIZE         =   ----    ----
   EDATA SIZE       =   ----    ----
   HDATA SIZE       =   ----    ----
   XDATA CONST SIZE =   ----    ----
   FAR CONST SIZE   =   ----    ----
END OF MODULE INFORMATION.


C51 COMPILATION COMPLETE.  0 WARNING(S),  0 ERROR(S)
