AX51 MACRO ASSEMBLER  SILABS_STARTUP                                                        03/12/18 16:31:26 PAGE     1


MACRO ASSEMBLER AX51 V3.12.0.0
OBJECT MODULE PLACED IN .\src\SILABS_STARTUP.OBJ
ASSEMBLER INVOKED BY: c:\SiliconLabs\SimplicityStudio\v4\developer\toolchains\keil_8051\9.53\BIN\AX51.exe D:\WorkSpace\M
                      yCode\SYNC\BaldEagle_EFM32EQFN24_YJ_addFunc\BaldEagle_EFM32EQFN24\src\SILABS_STARTUP.A51 ERRORPRIN
                      T SET(LARGE,SILABS_STARTUP=1) DEBUG MACRO NOMOD51 INCDIR(D:\WorkSpace\MyCode\SYNC\BaldEagle_EFM32E
                      QFN24_YJ_addFunc\BaldEagle_EFM32EQFN24\inc;C:/SiliconLabs/SimplicityStudio/v4/developer/sdks/8051/
                      v4.1.1//Device/shared/si8051base;C:/SiliconLabs/SimplicityStudio/v4/developer/sdks/8051/v4.1.1//De
                      vice/EFM8LB1/inc) PRINT(.\src\SILABS_STARTUP.lst) COND SYMBOLS PAGEWIDTH(120) PAGELENGTH(65) OBJEC
                      T(.\src\SILABS_STARTUP.OBJ) 

LOC    OBJ             LINE     SOURCE

                          1     $nomod51 
 0080                     2     IDATALEN        EQU     80H
 0000                     3     XDATASTART      EQU     0     
 0000                     4     XDATALEN        EQU     0      
 0000                     5     PDATASTART      EQU     0H
 0000                     6     PDATALEN        EQU     0H
 0000                     7     IBPSTACK        EQU     0       
 0100                     8     IBPSTACKTOP     EQU     0xFF +1     
 0000                     9     XBPSTACK        EQU     0       
 00010000                10     XBPSTACKTOP     EQU     0xFFFF +1  
 0000                    11     PBPSTACK        EQU     0      
 0100                    12     PBPSTACKTOP     EQU     0xFF +1   
 0000                    13     PPAGEENABLE     EQU     0       
 0000                    14     PPAGE           EQU     0
 00A0                    15     PPAGE_SFR       DATA    0A0H
 00E0                    16     ACC     DATA    0E0H
 00F0                    17     B       DATA    0F0H
 0081                    18     SP      DATA    81H
 0082                    19     DPL     DATA    82H
 0083                    20     DPH     DATA    83H
                         21     
                         22                     NAME    ?C_STARTUP
                         23     
                         24     
------                   25     ?C_C51STARTUP   SEGMENT   CODE
------                   26     ?STACK          SEGMENT   IDATA
                         27     
------                   28                     RSEG    ?STACK
000000                   29                     DS      1
                         30     
                         31                     EXTRN CODE (?C_START)
                         32                     PUBLIC  ?C_STARTUP
                         33     
000000                   34                     CSEG    AT      0
000000 020000     F      35     ?C_STARTUP:     LJMP    STARTUP1
                         36     
------                   37                     RSEG    ?C_C51STARTUP
                         38     
000000                   39     STARTUP1:
                         40     
                         41     $if  (SILABS_STARTUP = 1)
                         42     EXTRN   CODE (SiLabs_Startup)
000000 120000     E      43                     LCALL   SiLabs_Startup
                         44     $endif 
                         45     
                         46     
                         47     IF IDATALEN <> 0
000003 787F              48                     MOV     R0,#IDATALEN - 1
000005 E4                49                     CLR     A
AX51 MACRO ASSEMBLER  SILABS_STARTUP                                                        03/12/18 16:31:26 PAGE     2

000006 F6                50     IDATALOOP:      MOV     @R0,A
000007 D8FD              51                     DJNZ    R0,IDATALOOP
                         52     ENDIF
                         53     
                         54     IF XDATALEN <> 0
                                                MOV     DPTR,#XDATASTART
                                                MOV     R7,#LOW (XDATALEN)
                                  IF (LOW (XDATALEN)) <> 0
                                                MOV     R6,#(HIGH (XDATALEN)) +1
                                  ELSE
                                                MOV     R6,#HIGH (XDATALEN)
                                  ENDIF
                                                CLR     A
                                XDATALOOP:      MOVX    @DPTR,A
                                                INC     DPTR
                                                DJNZ    R7,XDATALOOP
                                                DJNZ    R6,XDATALOOP
                                ENDIF
                         68     
                         69     IF PPAGEENABLE <> 0
                                                MOV     PPAGE_SFR,#PPAGE
                                ENDIF
                         72     
                         73     IF PDATALEN <> 0
                                                MOV     R0,#LOW (PDATASTART)
                                                MOV     R7,#LOW (PDATALEN)
                                                CLR     A
                                PDATALOOP:      MOVX    @R0,A
                                                INC     R0
                                                DJNZ    R7,PDATALOOP
                                ENDIF
                         81     
                         82     IF IBPSTACK <> 0
                                EXTRN DATA (?C_IBP)
                                
                                                MOV     ?C_IBP,#LOW IBPSTACKTOP
                                ENDIF
                         87     
                         88     IF XBPSTACK <> 0
                                EXTRN DATA (?C_XBP)
                                
                                                MOV     ?C_XBP,#HIGH XBPSTACKTOP
                                                MOV     ?C_XBP+1,#LOW XBPSTACKTOP
                                ENDIF
                         94     
                         95     IF PBPSTACK <> 0
                                EXTRN DATA (?C_PBP)
                                                MOV     ?C_PBP,#LOW PBPSTACKTOP
                                ENDIF
                         99     
000009 758100     F     100                     MOV     SP,#?STACK-1
                        101     
                        102     $if  (USE_BANKING = 1)      
                                EXTRN CODE (?B_SWITCH0)
                                                CALL    ?B_SWITCH0      
                                $endif 
00000C 020000     E     106                     LJMP    ?C_START
                        107     
                        108                     END
AX51 MACRO ASSEMBLER  SILABS_STARTUP                                                        03/12/18 16:31:26 PAGE     3

SYMBOL TABLE LISTING
------ ----- -------


N A M E                               T Y P E  V A L U E     ATTRIBUTES

?C_C51STARTUP. . . . . . . . . . . .  C  SEG   00000FH       REL=UNIT, ALN=BYTE
?C_START . . . . . . . . . . . . . .  C  ADDR  -------       EXT
?C_STARTUP . . . . . . . . . . . . .  C  ADDR  0000H     R   SEG=?CO?SILABS_STARTUP?3
?STACK . . . . . . . . . . . . . . .  I  SEG   000001H       REL=UNIT, ALN=BYTE
ACC. . . . . . . . . . . . . . . . .  D  ADDR  00E0H     A   
B. . . . . . . . . . . . . . . . . .  D  ADDR  00F0H     A   
DPH. . . . . . . . . . . . . . . . .  D  ADDR  0083H     A   
DPL. . . . . . . . . . . . . . . . .  D  ADDR  0082H     A   
IBPSTACK . . . . . . . . . . . . . .  N  NUMB  0000H     A   
IBPSTACKTOP. . . . . . . . . . . . .  N  NUMB  0100H     A   
IDATALEN . . . . . . . . . . . . . .  N  NUMB  0080H     A   
IDATALOOP. . . . . . . . . . . . . .  C  ADDR  0006H     R   SEG=?C_C51STARTUP
PBPSTACK . . . . . . . . . . . . . .  N  NUMB  0000H     A   
PBPSTACKTOP. . . . . . . . . . . . .  N  NUMB  0100H     A   
PDATALEN . . . . . . . . . . . . . .  N  NUMB  0000H     A   
PDATASTART . . . . . . . . . . . . .  N  NUMB  0000H     A   
PPAGE. . . . . . . . . . . . . . . .  N  NUMB  0000H     A   
PPAGE_SFR. . . . . . . . . . . . . .  D  ADDR  00A0H     A   
PPAGEENABLE. . . . . . . . . . . . .  N  NUMB  0000H     A   
SILABS_STARTUP . . . . . . . . . . .  C  ADDR  -------       EXT
SP . . . . . . . . . . . . . . . . .  D  ADDR  0081H     A   
STARTUP1 . . . . . . . . . . . . . .  C  ADDR  0000H     R   SEG=?C_C51STARTUP
XBPSTACK . . . . . . . . . . . . . .  N  NUMB  0000H     A   
XBPSTACKTOP. . . . . . . . . . . . .  N  NUMB  00010000H A   
XDATALEN . . . . . . . . . . . . . .  N  NUMB  0000H     A   
XDATASTART . . . . . . . . . . . . .  N  NUMB  0000H     A   


REGISTER BANK(S) USED: 0 


ASSEMBLY COMPLETE.  0 WARNING(S), 0 ERROR(S).
